// Jest Snapshot v1, https://goo.gl/fbAQLP

exports[`<FlatForm component /> matches the snapshot 1`] = `
<div
  className="panel-body"
>
  <div
    className="container"
  >
    <div
      className="row"
    >
      <div
        className="col-md-4 select"
      >
        <form
          className="form-group"
        >
          <label>
            Home Type
          </label>
          <select
            className="form-control"
            name="home_type"
            onChange={[Function]}
          >
            <option
              id="home_type"
              selected={true}
            >
              Choose here
            </option>
            <option
              value="Appartment"
            >
              Appartment
            </option>
            <option
              value="House"
            >
              House
            </option>
            <option
              value="Bed&Breakfast"
            >
              Bed&Breakfast
            </option>
          </select>
        </form>
      </div>
      <div
        className="col-md-4 select"
      >
        <div
          className="form-group"
        >
          <label>
            Room Type
          </label>
          <select
            className="form-control"
            name="room_type"
            onChange={[Function]}
          >
            <option
              selected={true}
              value=""
            >
              Choose here
            </option>
            <option
              value="Entire"
            >
              Entire
            </option>
            <option
              value="Shared"
            >
              Shared
            </option>
          </select>
        </div>
      </div>
      <div
        className="col-md-4 select"
      >
        <div
          className="form-group"
        >
          <label>
            Accomodate
          </label>
          <select
            className="form-control"
            name="accomodate"
            onChange={[Function]}
          >
            <option
              selected={true}
              value=""
            >
              Choose here
            </option>
            <option
              value="1"
            >
              1
            </option>
            <option
              value="2"
            >
              2
            </option>
            <option
              value="3"
            >
              3
            </option>
            <option
              value="4"
            >
              4
            </option>
            <option
              value="5"
            >
              5
            </option>
          </select>
        </div>
      </div>
      <div
        class="text-center"
      >
        <button
          className="btn btn-normal"
          onClick={[Function]}
          type="submit"
        >
          Submit
        </button>
      </div>
    </div>
  </div>
</div>
`;
